// Jest Snapshot v1, https://goo.gl/fbAQLP

exports[`renders without crashing 1`] = `
<div
  className="bookshelf"
>
  <h2
    className="bookshelf-title"
  >
    Want to Read
  </h2>
  <div
    className="bookshelf-books"
  >
    <ol
      className="books-grid"
    >
      <li
        key="2"
      >
        <Book
          book={
            Object {
              "authors": Array [
                "Ramiro Pedrozo",
              ],
              "id": "2",
              "imageLinks": Object {
                "smallThumbnail": "",
              },
              "shelf": "wantToRead",
              "title": "Book [wantToRead]",
            }
          }
          handleChangeShelf={[Function]}
          shelves={
            Array [
              Object {
                "name": "currentlyReading",
                "title": "Currently Reading",
              },
              Object {
                "name": "wantToRead",
                "title": "Want to Read",
              },
              Object {
                "name": "read",
                "title": "Read",
              },
            ]
          }
        />
      </li>
    </ol>
  </div>
</div>
`;
